#
# There is insufficient memory for the Java Runtime Environment to continue.
# Native memory allocation (malloc) failed to allocate 531376 bytes for Chunk::new
# Possible reasons:
#   The system is out of physical RAM or swap space
#   The process is running with CompressedOops enabled, and the Java Heap may be blocking the growth of the native heap
# Possible solutions:
#   Reduce memory load on the system
#   Increase physical memory or swap space
#   Check if swap backing store is full
#   Decrease Java heap size (-Xmx/-Xms)
#   Decrease number of Java threads
#   Decrease Java thread stack sizes (-Xss)
#   Set larger code cache with -XX:ReservedCodeCacheSize=
#   JVM is running with Zero Based Compressed Oops mode in which the Java heap is
#     placed in the first 32GB address space. The Java Heap base address is the
#     maximum limit for the native heap growth. Please use -XX:HeapBaseMinAddress
#     to set the Java Heap base and to place the Java Heap above 32GB virtual address.
# This output file may be truncated or incomplete.
#
#  Out of Memory Error (arena.cpp:195), pid=496, tid=4548
#
# JRE version: OpenJDK Runtime Environment Corretto-16.0.2.7.1 (16.0.2+7) (build 16.0.2+7)
# Java VM: OpenJDK 64-Bit Server VM Corretto-16.0.2.7.1 (16.0.2+7, mixed mode, sharing, tiered, compressed oops, compressed class ptrs, g1 gc, windows-amd64)
# No core dump will be written. Minidumps are not enabled by default on client versions of Windows
#

---------------  S U M M A R Y ------------

Command Line: -Dclassworlds.conf=C:\Program Files\JetBrains\IntelliJ IDEA Community Edition 2025.2.1\plugins\maven\lib\maven3\bin\m2.conf -Dmaven.home=C:\Program Files\JetBrains\IntelliJ IDEA Community Edition 2025.2.1\plugins\maven\lib\maven3 -Dlibrary.jansi.path=C:\Program Files\JetBrains\IntelliJ IDEA Community Edition 2025.2.1\plugins\maven\lib\maven3\lib\jansi-native -Dmaven.multiModuleProjectDirectory=C:\Users\domt8\IdeaProjects\LmvAC org.codehaus.plexus.classworlds.launcher.Launcher -Didea.version=2025.2.1 -Dmaven.ext.class.path=C:\Program Files\JetBrains\IntelliJ IDEA Community Edition 2025.2.1\plugins\maven\lib\maven-event-listener.jar -Djansi.passthrough=true -Dstyle.color=always -Dmaven.repo.local=C:\Users\domt8\.m2\repository clean package

Host: Intel(R) Core(TM) i5-3470 CPU @ 3.20GHz, 4 cores, 15G,  Windows 10 , 64 bit Build 19041 (10.0.19041.5915)
Time: Thu Oct 23 08:34:34 2025 RTZ 4 (s 10 , 64 bit Build 19041 (10.0.19041.5915) elapsed time: 16.457764 seconds (0d 0h 0m 16s)

---------------  T H R E A D  ---------------

Current thread (0x000001b7e9fd2680):  JavaThread "C2 CompilerThread0" daemon [_thread_in_native, id=4548, stack(0x0000003f00500000,0x0000003f00600000)]


Current CompileTask:
C2:  16457 4518       4       jdk.internal.org.objectweb.asm.Frame::execute (2305 bytes)

Stack: [0x0000003f00500000,0x0000003f00600000]
Native frames: (J=compiled Java code, j=interpreted, Vv=VM code, C=native code)
V  [jvm.dll+0x647e0a]
V  [jvm.dll+0x7f0549]
V  [jvm.dll+0x7f1cfe]
V  [jvm.dll+0x7f2343]
V  [jvm.dll+0x23dd88]
V  [jvm.dll+0xc879a]
V  [jvm.dll+0xc8d4c]
V  [jvm.dll+0x29fbb2]
V  [jvm.dll+0x557f02]
V  [jvm.dll+0x218e28]
V  [jvm.dll+0x211e8f]
V  [jvm.dll+0x20fe07]
V  [jvm.dll+0x1a0d9b]
V  [jvm.dll+0x21f909]
V  [jvm.dll+0x21da9b]
V  [jvm.dll+0x7a8662]
V  [jvm.dll+0x7a223a]
V  [jvm.dll+0x646c46]
C  [ucrtbase.dll+0x21bb2]
C  [KERNEL32.DLL+0x17374]
C  [ntdll.dll+0x4cc91]


---------------  P R O C E S S  ---------------

Threads class SMR info:
_java_thread_list=0x000001b7ec542120, length=13, elements={
0x000001b7c695db00, 0x000001b7e9fb9890, 0x000001b7e9fba660, 0x000001b7e9fcbc40,
0x000001b7e9fce760, 0x000001b7e9fd1080, 0x000001b7e9fd1990, 0x000001b7e9fd2680,
0x000001b7eac21ca0, 0x000001b7eac259c0, 0x000001b7eaced450, 0x000001b7eacefc70,
0x000001b7eb7634f0
}

Java Threads: ( => current thread )
  0x000001b7c695db00 JavaThread "main" [_thread_in_vm, id=5752, stack(0x0000003f7f800000,0x0000003f7f900000)]
  0x000001b7e9fb9890 JavaThread "Reference Handler" daemon [_thread_blocked, id=12312, stack(0x0000003f7ff00000,0x0000003f80000000)]
  0x000001b7e9fba660 JavaThread "Finalizer" daemon [_thread_blocked, id=7004, stack(0x0000003f00000000,0x0000003f00100000)]
  0x000001b7e9fcbc40 JavaThread "Signal Dispatcher" daemon [_thread_blocked, id=1752, stack(0x0000003f00100000,0x0000003f00200000)]
  0x000001b7e9fce760 JavaThread "Attach Listener" daemon [_thread_blocked, id=5448, stack(0x0000003f00200000,0x0000003f00300000)]
  0x000001b7e9fd1080 JavaThread "Service Thread" daemon [_thread_blocked, id=11908, stack(0x0000003f00300000,0x0000003f00400000)]
  0x000001b7e9fd1990 JavaThread "Monitor Deflation Thread" daemon [_thread_blocked, id=9468, stack(0x0000003f00400000,0x0000003f00500000)]
=>0x000001b7e9fd2680 JavaThread "C2 CompilerThread0" daemon [_thread_in_native, id=4548, stack(0x0000003f00500000,0x0000003f00600000)]
  0x000001b7eac21ca0 JavaThread "C1 CompilerThread0" daemon [_thread_blocked, id=7396, stack(0x0000003f00600000,0x0000003f00700000)]
  0x000001b7eac259c0 JavaThread "Sweeper thread" daemon [_thread_blocked, id=6636, stack(0x0000003f00700000,0x0000003f00800000)]
  0x000001b7eaced450 JavaThread "Notification Thread" daemon [_thread_blocked, id=4452, stack(0x0000003f00800000,0x0000003f00900000)]
  0x000001b7eacefc70 JavaThread "Common-Cleaner" daemon [_thread_blocked, id=200, stack(0x0000003f00a00000,0x0000003f00b00000)]
  0x000001b7eb7634f0 JavaThread "Thread-1" daemon [_thread_blocked, id=3900, stack(0x0000003f00f00000,0x0000003f01000000)]

Other Threads:
  0x000001b7e9fb0b60 VMThread "VM Thread" [stack: 0x0000003f7fe00000,0x0000003f7ff00000] [id=5556]
  0x000001b7eaced970 WatcherThread [stack: 0x0000003f00900000,0x0000003f00a00000] [id=13096]
  0x000001b7c69ad360 GCTaskThread "GC Thread#0" [stack: 0x0000003f7f900000,0x0000003f7fa00000] [id=13064]
  0x000001b7eb52cbe0 GCTaskThread "GC Thread#1" [stack: 0x0000003f00c00000,0x0000003f00d00000] [id=10800]
  0x000001b7eb1e70d0 GCTaskThread "GC Thread#2" [stack: 0x0000003f00d00000,0x0000003f00e00000] [id=7988]
  0x000001b7eb1e73e0 GCTaskThread "GC Thread#3" [stack: 0x0000003f00e00000,0x0000003f00f00000] [id=2344]
  0x000001b7c69be230 ConcurrentGCThread "G1 Main Marker" [stack: 0x0000003f7fa00000,0x0000003f7fb00000] [id=7628]
  0x000001b7c69bebb0 ConcurrentGCThread "G1 Conc#0" [stack: 0x0000003f7fb00000,0x0000003f7fc00000] [id=2160]
  0x000001b7e9e660d0 ConcurrentGCThread "G1 Refine#0" [stack: 0x0000003f7fc00000,0x0000003f7fd00000] [id=7692]
  0x000001b7e9e67810 ConcurrentGCThread "G1 Service" [stack: 0x0000003f7fd00000,0x0000003f7fe00000] [id=13140]

Threads with active compile tasks:
C2 CompilerThread0    16486 4518       4       jdk.internal.org.objectweb.asm.Frame::execute (2305 bytes)

VM state: not at safepoint (normal execution)

VM Mutex/Monitor currently owned by a thread: None

Heap address: 0x0000000700800000, size: 4088 MB, Compressed Oops mode: Zero based, Oop shift amount: 3

CDS archive(s) mapped at: [0x0000000800000000-0x0000000800be0000-0x0000000800be0000), size 12451840, SharedBaseAddress: 0x0000000800000000, ArchiveRelocationMode: 0.
Compressed class space mapped at: 0x0000000800c00000-0x0000000840c00000, reserved size: 1073741824
Narrow klass base: 0x0000000800000000, Narrow klass shift: 3, Narrow klass range: 0x100000000

GC Precious Log:
 CPUs: 4 total, 4 available
 Memory: 16344M
 Large Page Support: Disabled
 NUMA Support: Disabled
 Compressed Oops: Enabled (Zero based)
 Heap Region Size: 2M
 Heap Min Capacity: 8M
 Heap Initial Capacity: 256M
 Heap Max Capacity: 4088M
 Pre-touch: Disabled
 Parallel Workers: 4
 Concurrent Workers: 1
 Concurrent Refinement Workers: 4
 Periodic GC: Disabled

Heap:
 garbage-first heap   total 55296K, used 21571K [0x0000000700800000, 0x0000000800000000)
  region size 2048K, 6 young (12288K), 1 survivors (2048K)
 Metaspace       used 24947K, committed 25152K, reserved 1073152K
  class space    used 2860K, committed 2944K, reserved 1048576K

Heap Regions: E=young(eden), S=young(survivor), O=old, HS=humongous(starts), HC=humongous(continues), CS=collection set, F=free, OA=open archive, CA=closed archive, TAMS=top-at-mark-start (previous, next)
|   0|0x0000000700800000, 0x0000000700a00000, 0x0000000700a00000|100%| O|  |TAMS 0x0000000700a00000, 0x0000000700800000| Untracked 
|   1|0x0000000700a00000, 0x0000000700ac7400, 0x0000000700c00000| 38%| O|  |TAMS 0x0000000700ac7400, 0x0000000700a00000| Untracked 
|   2|0x0000000700c00000, 0x0000000700e00000, 0x0000000700e00000|100%| O|  |TAMS 0x0000000700c00000, 0x0000000700c00000| Untracked 
|   3|0x0000000700e00000, 0x0000000701000000, 0x0000000701000000|100%| O|  |TAMS 0x0000000700e00000, 0x0000000700e00000| Untracked 
|   4|0x0000000701000000, 0x0000000701200000, 0x0000000701200000|100%| O|  |TAMS 0x0000000701000000, 0x0000000701000000| Untracked 
|   5|0x0000000701200000, 0x0000000701400000, 0x0000000701400000|100%| O|  |TAMS 0x0000000701200000, 0x0000000701200000| Untracked 
|   6|0x0000000701400000, 0x0000000701461600, 0x0000000701600000| 19%| O|  |TAMS 0x0000000701400000, 0x0000000701400000| Untracked 
|   7|0x0000000701600000, 0x0000000701600000, 0x0000000701800000|  0%| F|  |TAMS 0x0000000701600000, 0x0000000701600000| Untracked 
|   8|0x0000000701800000, 0x0000000701800000, 0x0000000701a00000|  0%| F|  |TAMS 0x0000000701800000, 0x0000000701800000| Untracked 
|   9|0x0000000701a00000, 0x0000000701a00000, 0x0000000701c00000|  0%| F|  |TAMS 0x0000000701a00000, 0x0000000701a00000| Untracked 
|  10|0x0000000701c00000, 0x0000000701de82c0, 0x0000000701e00000| 95%| S|CS|TAMS 0x0000000701c00000, 0x0000000701c00000| Complete 
|  11|0x0000000701e00000, 0x0000000701e00000, 0x0000000702000000|  0%| F|  |TAMS 0x0000000701e00000, 0x0000000701e00000| Untracked 
|  12|0x0000000702000000, 0x0000000702000000, 0x0000000702200000|  0%| F|  |TAMS 0x0000000702000000, 0x0000000702000000| Untracked 
|  13|0x0000000702200000, 0x0000000702200000, 0x0000000702400000|  0%| F|  |TAMS 0x0000000702200000, 0x0000000702200000| Untracked 
|  14|0x0000000702400000, 0x0000000702400000, 0x0000000702600000|  0%| F|  |TAMS 0x0000000702400000, 0x0000000702400000| Untracked 
|  15|0x0000000702600000, 0x0000000702600000, 0x0000000702800000|  0%| F|  |TAMS 0x0000000702600000, 0x0000000702600000| Untracked 
|  16|0x0000000702800000, 0x0000000702800000, 0x0000000702a00000|  0%| F|  |TAMS 0x0000000702800000, 0x0000000702800000| Untracked 
|  17|0x0000000702a00000, 0x0000000702a00000, 0x0000000702c00000|  0%| F|  |TAMS 0x0000000702a00000, 0x0000000702a00000| Untracked 
|  18|0x0000000702c00000, 0x0000000702c00000, 0x0000000702e00000|  0%| F|  |TAMS 0x0000000702c00000, 0x0000000702c00000| Untracked 
|  19|0x0000000702e00000, 0x0000000702e00000, 0x0000000703000000|  0%| F|  |TAMS 0x0000000702e00000, 0x0000000702e00000| Untracked 
|  20|0x0000000703000000, 0x0000000703000000, 0x0000000703200000|  0%| F|  |TAMS 0x0000000703000000, 0x0000000703000000| Untracked 
| 108|0x000000070e000000, 0x000000070e000000, 0x000000070e200000|  0%| F|  |TAMS 0x000000070e000000, 0x000000070e000000| Untracked 
| 109|0x000000070e200000, 0x000000070e343a80, 0x000000070e400000| 63%| E|  |TAMS 0x000000070e200000, 0x000000070e200000| Complete 
| 110|0x000000070e400000, 0x000000070e600000, 0x000000070e600000|100%| E|CS|TAMS 0x000000070e400000, 0x000000070e400000| Complete 
| 111|0x000000070e600000, 0x000000070e800000, 0x000000070e800000|100%| E|CS|TAMS 0x000000070e600000, 0x000000070e600000| Complete 
| 112|0x000000070e800000, 0x000000070ea00000, 0x000000070ea00000|100%| E|CS|TAMS 0x000000070e800000, 0x000000070e800000| Complete 
| 127|0x0000000710600000, 0x0000000710800000, 0x0000000710800000|100%| E|CS|TAMS 0x0000000710600000, 0x0000000710600000| Complete 

Card table byte_map: [0x000001b7deb30000,0x000001b7df330000] _byte_map_base: 0x000001b7db32c000

Marking Bits (Prev, Next): (CMBitMap*) 0x000001b7c69ad920, (CMBitMap*) 0x000001b7c69ad8e0
 Prev Bits: [0x000001b7e3b10000, 0x000001b7e7af0000)
 Next Bits: [0x000001b7dfb30000, 0x000001b7e3b10000)

Polling page: 0x000001b7c48a0000

Metaspace:

Usage:
  Non-class:     21.57 MB used.
      Class:      2.79 MB used.
       Both:     24.37 MB used.

Virtual space:
  Non-class space:       24.00 MB reserved,      21.75 MB ( 91%) committed,  3 nodes.
      Class space:        1.00 GB reserved,       2.88 MB ( <1%) committed,  1 nodes.
              Both:        1.02 GB reserved,      24.63 MB (  2%) committed. 

Chunk freelists:
   Non-Class:  2.17 MB
       Class:  1.08 MB
        Both:  3.25 MB

MaxMetaspaceSize: 17179869184.00 GB
CompressedClassSpaceSize: 1.00 GB
 - commit_granule_bytes: 65536.
 - commit_granule_words: 8192.
 - virtual_space_node_default_size: 1048576.
 - enlarge_chunks_in_place: 1.
 - new_chunks_are_fully_committed: 0.
 - uncommit_free_chunks: 1.
 - use_allocation_guard: 0.
 - handle_deallocations: 1.


Internal statistics:

num_allocs_failed_limit: 3.
num_arena_births: 132.
num_arena_deaths: 0.
num_vsnodes_births: 4.
num_vsnodes_deaths: 0.
num_space_committed: 394.
num_space_uncommitted: 0.
num_chunks_returned_to_freelist: 3.
num_chunks_taken_from_freelist: 843.
num_chunk_merges: 0.
num_chunk_splits: 559.
num_chunks_enlarged: 433.
num_purges: 0.

CodeHeap 'non-profiled nmethods': size=120000Kb used=2170Kb max_used=2170Kb free=117829Kb
 bounds [0x000001b7d6e00000, 0x000001b7d7070000, 0x000001b7de330000]
CodeHeap 'profiled nmethods': size=120000Kb used=9425Kb max_used=9425Kb free=110574Kb
 bounds [0x000001b7cf8d0000, 0x000001b7d0210000, 0x000001b7d6e00000]
CodeHeap 'non-nmethods': size=5760Kb used=1249Kb max_used=1275Kb free=4510Kb
 bounds [0x000001b7cf330000, 0x000001b7cf5a0000, 0x000001b7cf8d0000]
 total_blobs=5088 nmethods=4538 adapters=462
 compilation: enabled
              stopped_count=0, restarted_count=0
 full_count=0

Compilation events (20 events):
Event: 16.423 Thread 0x000001b7e9fd2680 4515       4       com.google.inject.internal.LinkedBindingImpl::acceptTargetVisitor (8 bytes)
Event: 16.423 Thread 0x000001b7eac21ca0 nmethod 4511 0x000001b7d01f9610 code [0x000001b7d01f97e0, 0x000001b7d01f9d08]
Event: 16.423 Thread 0x000001b7eac21ca0 4512       3       com.google.common.collect.AbstractMapBasedMultimap$AsMap::get (6 bytes)
Event: 16.424 Thread 0x000001b7eac21ca0 nmethod 4512 0x000001b7d01f9e90 code [0x000001b7d01fa040, 0x000001b7d01fa188]
Event: 16.424 Thread 0x000001b7eac21ca0 4513       3       com.google.common.collect.LinkedHashMultimap::createCollection (14 bytes)
Event: 16.424 Thread 0x000001b7eac21ca0 nmethod 4513 0x000001b7d01fa210 code [0x000001b7d01fa3c0, 0x000001b7d01fa588]
Event: 16.424 Thread 0x000001b7eac21ca0 4514       1       org.codehaus.plexus.classworlds.realm.Entry::getClassLoader (5 bytes)
Event: 16.424 Thread 0x000001b7eac21ca0 nmethod 4514 0x000001b7d701cb90 code [0x000001b7d701cd20, 0x000001b7d701cdf8]
Event: 16.425 Thread 0x000001b7e9fd2680 nmethod 4515 0x000001b7d701ce90 code [0x000001b7d701d020, 0x000001b7d701d118]
Event: 16.430 Thread 0x000001b7eac21ca0 4517       3       java.lang.invoke.MemberName::<init> (50 bytes)
Event: 16.430 Thread 0x000001b7eac21ca0 nmethod 4517 0x000001b7d01fa690 code [0x000001b7d01fa880, 0x000001b7d01fab98]
Event: 16.430 Thread 0x000001b7e9fd2680 4518       4       jdk.internal.org.objectweb.asm.Frame::execute (2305 bytes)
Event: 16.431 Thread 0x000001b7eac21ca0 4519       3       org.eclipse.sisu.plexus.DefaultPlexusBeans$Itr::next (5 bytes)
Event: 16.431 Thread 0x000001b7eac21ca0 nmethod 4519 0x000001b7d01fad10 code [0x000001b7d01faee0, 0x000001b7d01fb3c8]
Event: 16.431 Thread 0x000001b7eac21ca0 4520       3       org.eclipse.sisu.plexus.DefaultPlexusBeans$Itr::next (20 bytes)
Event: 16.432 Thread 0x000001b7eac21ca0 nmethod 4520 0x000001b7d01fb590 code [0x000001b7d01fb760, 0x000001b7d01fbbe8]
Event: 16.434 Thread 0x000001b7eac21ca0 4521       3       org.eclipse.sisu.inject.DefaultBeanLocator::fetchBindings (89 bytes)
Event: 16.435 Thread 0x000001b7eac21ca0 nmethod 4521 0x000001b7d01fbd10 code [0x000001b7d01fc000, 0x000001b7d01fd2e8]
Event: 16.435 Thread 0x000001b7eac21ca0 4522       3       org.eclipse.sisu.inject.MildValues::get (28 bytes)
Event: 16.435 Thread 0x000001b7eac21ca0 nmethod 4522 0x000001b7d01fd910 code [0x000001b7d01fdae0, 0x000001b7d01fdef8]

GC Heap History (10 events):
Event: 3.584 GC heap before
{Heap before GC invocations=0 (full 0):
 garbage-first heap   total 262144K, used 12288K [0x0000000700800000, 0x0000000800000000)
  region size 2048K, 6 young (12288K), 0 survivors (0K)
 Metaspace       used 2722K, committed 2944K, reserved 1056768K
  class space    used 244K, committed 320K, reserved 1048576K
}
Event: 3.633 GC heap after
{Heap after GC invocations=1 (full 0):
 garbage-first heap   total 262144K, used 2804K [0x0000000700800000, 0x0000000800000000)
  region size 2048K, 1 young (2048K), 1 survivors (2048K)
 Metaspace       used 2722K, committed 2944K, reserved 1056768K
  class space    used 244K, committed 320K, reserved 1048576K
}
Event: 6.277 GC heap before
{Heap before GC invocations=1 (full 0):
 garbage-first heap   total 262144K, used 17140K [0x0000000700800000, 0x0000000800000000)
  region size 2048K, 8 young (16384K), 1 survivors (2048K)
 Metaspace       used 5798K, committed 5952K, reserved 1056768K
  class space    used 655K, committed 768K, reserved 1048576K
}
Event: 6.281 GC heap after
{Heap after GC invocations=2 (full 0):
 garbage-first heap   total 262144K, used 3735K [0x0000000700800000, 0x0000000800000000)
  region size 2048K, 1 young (2048K), 1 survivors (2048K)
 Metaspace       used 5798K, committed 5952K, reserved 1056768K
  class space    used 655K, committed 768K, reserved 1048576K
}
Event: 11.115 GC heap before
{Heap before GC invocations=2 (full 0):
 garbage-first heap   total 262144K, used 75415K [0x0000000700800000, 0x0000000800000000)
  region size 2048K, 36 young (73728K), 1 survivors (2048K)
 Metaspace       used 15680K, committed 15872K, reserved 1064960K
  class space    used 1827K, committed 1920K, reserved 1048576K
}
Event: 11.123 GC heap after
{Heap after GC invocations=3 (full 0):
 garbage-first heap   total 262144K, used 7854K [0x0000000700800000, 0x0000000800000000)
  region size 2048K, 3 young (6144K), 3 survivors (6144K)
 Metaspace       used 15680K, committed 15872K, reserved 1064960K
  class space    used 1827K, committed 1920K, reserved 1048576K
}
Event: 13.270 GC heap before
{Heap before GC invocations=3 (full 0):
 garbage-first heap   total 262144K, used 36526K [0x0000000700800000, 0x0000000800000000)
  region size 2048K, 18 young (36864K), 3 survivors (6144K)
 Metaspace       used 21048K, committed 21248K, reserved 1073152K
  class space    used 2418K, committed 2560K, reserved 1048576K
}
Event: 13.278 GC heap after
{Heap after GC invocations=4 (full 0):
 garbage-first heap   total 262144K, used 11789K [0x0000000700800000, 0x0000000800000000)
  region size 2048K, 5 young (10240K), 5 survivors (10240K)
 Metaspace       used 21048K, committed 21248K, reserved 1073152K
  class space    used 2418K, committed 2560K, reserved 1048576K
}
Event: 15.829 GC heap before
{Heap before GC invocations=5 (full 0):
 garbage-first heap   total 55296K, used 34317K [0x0000000700800000, 0x0000000800000000)
  region size 2048K, 16 young (32768K), 5 survivors (10240K)
 Metaspace       used 24245K, committed 24512K, reserved 1073152K
  class space    used 2770K, committed 2880K, reserved 1048576K
}
Event: 15.840 GC heap after
{Heap after GC invocations=6 (full 0):
 garbage-first heap   total 55296K, used 13379K [0x0000000700800000, 0x0000000800000000)
  region size 2048K, 1 young (2048K), 1 survivors (2048K)
 Metaspace       used 24245K, committed 24512K, reserved 1073152K
  class space    used 2770K, committed 2880K, reserved 1048576K
}

Deoptimization events (20 events):
Event: 15.910 Thread 0x000001b7c695db00 Uncommon trap: trap_request=0xffffff45 fr.pc=0x000001b7d6fb02f4 relative=0x00000000000002b4
Event: 15.910 Thread 0x000001b7c695db00 Uncommon trap: reason=unstable_if action=reinterpret pc=0x000001b7d6fb02f4 method=java.util.HashMap.getNode(Ljava/lang/Object;)Ljava/util/HashMap$Node; @ 57 c2
Event: 15.910 Thread 0x000001b7c695db00 DEOPT PACKING pc=0x000001b7d6fb02f4 sp=0x0000003f7f8fd490
Event: 15.910 Thread 0x000001b7c695db00 DEOPT UNPACKING pc=0x000001b7cf37d72e sp=0x0000003f7f8fd420 mode 2
Event: 16.401 Thread 0x000001b7c695db00 Uncommon trap: trap_request=0xffffffc6 fr.pc=0x000001b7d6ee95a8 relative=0x0000000000000088
Event: 16.402 Thread 0x000001b7c695db00 Uncommon trap: reason=bimorphic_or_optimized_type_check action=maybe_recompile pc=0x000001b7d6ee95a8 method=com.google.inject.internal.LinkedBindingImpl.acceptTargetVisitor(Lcom/google/inject/spi/BindingTargetVisitor;)Ljava/lang/Object; @ 2 c2
Event: 16.402 Thread 0x000001b7c695db00 DEOPT PACKING pc=0x000001b7d6ee95a8 sp=0x0000003f7f8fcef0
Event: 16.402 Thread 0x000001b7c695db00 DEOPT UNPACKING pc=0x000001b7cf37d72e sp=0x0000003f7f8fce78 mode 2
Event: 16.402 Thread 0x000001b7c695db00 Uncommon trap: trap_request=0xffffffc6 fr.pc=0x000001b7d6ee95a8 relative=0x0000000000000088
Event: 16.402 Thread 0x000001b7c695db00 Uncommon trap: reason=bimorphic_or_optimized_type_check action=maybe_recompile pc=0x000001b7d6ee95a8 method=com.google.inject.internal.LinkedBindingImpl.acceptTargetVisitor(Lcom/google/inject/spi/BindingTargetVisitor;)Ljava/lang/Object; @ 2 c2
Event: 16.402 Thread 0x000001b7c695db00 DEOPT PACKING pc=0x000001b7d6ee95a8 sp=0x0000003f7f8fcef0
Event: 16.402 Thread 0x000001b7c695db00 DEOPT UNPACKING pc=0x000001b7cf37d72e sp=0x0000003f7f8fce78 mode 2
Event: 16.417 Thread 0x000001b7c695db00 Uncommon trap: trap_request=0xffffffc6 fr.pc=0x000001b7d6ee95a8 relative=0x0000000000000088
Event: 16.417 Thread 0x000001b7c695db00 Uncommon trap: reason=bimorphic_or_optimized_type_check action=maybe_recompile pc=0x000001b7d6ee95a8 method=com.google.inject.internal.LinkedBindingImpl.acceptTargetVisitor(Lcom/google/inject/spi/BindingTargetVisitor;)Ljava/lang/Object; @ 2 c2
Event: 16.417 Thread 0x000001b7c695db00 DEOPT PACKING pc=0x000001b7d6ee95a8 sp=0x0000003f7f8fcef0
Event: 16.417 Thread 0x000001b7c695db00 DEOPT UNPACKING pc=0x000001b7cf37d72e sp=0x0000003f7f8fce78 mode 2
Event: 16.417 Thread 0x000001b7c695db00 Uncommon trap: trap_request=0xffffffc6 fr.pc=0x000001b7d6ee95a8 relative=0x0000000000000088
Event: 16.417 Thread 0x000001b7c695db00 Uncommon trap: reason=bimorphic_or_optimized_type_check action=maybe_recompile pc=0x000001b7d6ee95a8 method=com.google.inject.internal.LinkedBindingImpl.acceptTargetVisitor(Lcom/google/inject/spi/BindingTargetVisitor;)Ljava/lang/Object; @ 2 c2
Event: 16.417 Thread 0x000001b7c695db00 DEOPT PACKING pc=0x000001b7d6ee95a8 sp=0x0000003f7f8fcef0
Event: 16.417 Thread 0x000001b7c695db00 DEOPT UNPACKING pc=0x000001b7cf37d72e sp=0x0000003f7f8fce78 mode 2

Classes unloaded (0 events):
No events

Classes redefined (0 events):
No events

Internal exceptions (20 events):
Event: 11.558 Thread 0x000001b7c695db00 Exception <a 'java/lang/NoSuchMethodError'{0x000000070fce96c0}: 'void java.lang.invoke.DirectMethodHandle$Holder.invokeInterface(java.lang.Object, java.lang.Object)'> (0x000000070fce96c0) 
thrown [c:\wsjdk\correttojdksrc\installers\windows\zip\corretto-build\buildroot\src\hotspot\share\interpreter\linkResolver.cpp, line 790]
Event: 11.929 Thread 0x000001b7c695db00 Exception <a 'sun/nio/fs/WindowsException'{0x000000070fab98b0}> (0x000000070fab98b0) 
thrown [c:\wsjdk\correttojdksrc\installers\windows\zip\corretto-build\buildroot\src\hotspot\share\prims\jni.cpp, line 579]
Event: 11.966 Thread 0x000001b7c695db00 Exception <a 'java/lang/NoSuchMethodError'{0x000000070fad9a18}: 'int java.lang.invoke.DirectMethodHandle$Holder.invokeStaticInit(java.lang.Object, java.lang.Object, java.lang.Object, java.lang.Object)'> (0x000000070fad9a18) 
thrown [c:\wsjdk\correttojdksrc\installers\windows\zip\corretto-build\buildroot\src\hotspot\share\interpreter\linkResolver.cpp, line 790]
Event: 11.968 Thread 0x000001b7c695db00 Exception <a 'java/lang/IncompatibleClassChangeError'{0x000000070fae3370}: Found class java.lang.Object, but interface was expected> (0x000000070fae3370) 
thrown [c:\wsjdk\correttojdksrc\installers\windows\zip\corretto-build\buildroot\src\hotspot\share\interpreter\linkResolver.cpp, line 857]
Event: 12.870 Thread 0x000001b7c695db00 Exception <a 'java/lang/NoSuchMethodError'{0x000000070f3e5340}: 'java.lang.Object java.lang.invoke.DirectMethodHandle$Holder.invokeStaticInit(java.lang.Object, java.lang.Object, int, int, int, int)'> (0x000000070f3e5340) 
thrown [c:\wsjdk\correttojdksrc\installers\windows\zip\corretto-build\buildroot\src\hotspot\share\interpreter\linkResolver.cpp, line 790]
Event: 13.054 Thread 0x000001b7c695db00 Exception <a 'sun/nio/fs/WindowsException'{0x000000070eccc968}> (0x000000070eccc968) 
thrown [c:\wsjdk\correttojdksrc\installers\windows\zip\corretto-build\buildroot\src\hotspot\share\prims\jni.cpp, line 579]
Event: 13.958 Thread 0x000001b7c695db00 Exception <a 'sun/nio/fs/WindowsException'{0x0000000702efe7a8}> (0x0000000702efe7a8) 
thrown [c:\wsjdk\correttojdksrc\installers\windows\zip\corretto-build\buildroot\src\hotspot\share\prims\jni.cpp, line 579]
Event: 13.964 Thread 0x000001b7c695db00 Exception <a 'sun/nio/fs/WindowsException'{0x0000000702f7cc20}> (0x0000000702f7cc20) 
thrown [c:\wsjdk\correttojdksrc\installers\windows\zip\corretto-build\buildroot\src\hotspot\share\prims\jni.cpp, line 579]
Event: 14.341 Thread 0x000001b7c695db00 Exception <a 'sun/nio/fs/WindowsException'{0x0000000702d5de78}> (0x0000000702d5de78) 
thrown [c:\wsjdk\correttojdksrc\installers\windows\zip\corretto-build\buildroot\src\hotspot\share\prims\jni.cpp, line 579]
Event: 14.404 Thread 0x000001b7c695db00 Exception <a 'sun/nio/fs/WindowsException'{0x0000000702d66820}> (0x0000000702d66820) 
thrown [c:\wsjdk\correttojdksrc\installers\windows\zip\corretto-build\buildroot\src\hotspot\share\prims\jni.cpp, line 579]
Event: 14.405 Thread 0x000001b7c695db00 Exception <a 'sun/nio/fs/WindowsException'{0x0000000702d68920}> (0x0000000702d68920) 
thrown [c:\wsjdk\correttojdksrc\installers\windows\zip\corretto-build\buildroot\src\hotspot\share\prims\jni.cpp, line 579]
Event: 15.101 Thread 0x000001b7c695db00 Exception <a 'sun/nio/fs/WindowsException'{0x0000000702296308}> (0x0000000702296308) 
thrown [c:\wsjdk\correttojdksrc\installers\windows\zip\corretto-build\buildroot\src\hotspot\share\prims\jni.cpp, line 579]
Event: 15.152 Thread 0x000001b7c695db00 Exception <a 'sun/nio/fs/WindowsException'{0x000000070229e888}> (0x000000070229e888) 
thrown [c:\wsjdk\correttojdksrc\installers\windows\zip\corretto-build\buildroot\src\hotspot\share\prims\jni.cpp, line 579]
Event: 15.153 Thread 0x000001b7c695db00 Exception <a 'sun/nio/fs/WindowsException'{0x00000007022a08a0}> (0x00000007022a08a0) 
thrown [c:\wsjdk\correttojdksrc\installers\windows\zip\corretto-build\buildroot\src\hotspot\share\prims\jni.cpp, line 579]
Event: 15.500 Thread 0x000001b7c695db00 Exception <a 'sun/nio/fs/WindowsException'{0x0000000701fe12c8}> (0x0000000701fe12c8) 
thrown [c:\wsjdk\correttojdksrc\installers\windows\zip\corretto-build\buildroot\src\hotspot\share\prims\jni.cpp, line 579]
Event: 15.820 Thread 0x000001b7c695db00 Exception <a 'sun/nio/fs/WindowsException'{0x0000000701fe99d0}> (0x0000000701fe99d0) 
thrown [c:\wsjdk\correttojdksrc\installers\windows\zip\corretto-build\buildroot\src\hotspot\share\prims\jni.cpp, line 579]
Event: 15.825 Thread 0x000001b7c695db00 Exception <a 'sun/nio/fs/WindowsException'{0x0000000701feb738}> (0x0000000701feb738) 
thrown [c:\wsjdk\correttojdksrc\installers\windows\zip\corretto-build\buildroot\src\hotspot\share\prims\jni.cpp, line 579]
Event: 16.238 Thread 0x000001b7c695db00 Exception <a 'java/lang/NoSuchMethodError'{0x000000070e950378}: 'java.lang.Object java.lang.invoke.DirectMethodHandle$Holder.newInvokeSpecial(java.lang.Object, java.lang.Object, java.lang.Object, java.lang.Object, java.lang.Object, java.lang.Object, java.lang.Object)'> (0x000000070e950378) 
thrown [c:\wsjdk\correttojdksrc\installers\windows\zip\corretto-build\buildroot\src\hotspot\share\interpreter\linkResolver.cpp, line 790]
Event: 16.239 Thread 0x000001b7c695db00 Exception <a 'java/lang/NoSuchMethodError'{0x000000070e954e88}: 'java.lang.Object java.lang.invoke.Invokers$Holder.linkToTargetMethod(java.lang.Object, java.lang.Object, java.lang.Object, java.lang.Object, java.lang.Object, java.lang.Object, java.lang.Object)'> (0x000000070e954e88) 
thrown [c:\wsjdk\correttojdksrc\installers\windows\zip\corretto-build\buildroot\src\hotspot\share\interpreter\linkResolver.cpp, line 790]
Event: 16.429 Thread 0x000001b7c695db00 Exception <a 'java/lang/NoSuchMethodError'{0x000000070e556830}: 'int java.lang.invoke.DirectMethodHandle$Holder.invokeVirtual(java.lang.Object, java.lang.Object)'> (0x000000070e556830) 
thrown [c:\wsjdk\correttojdksrc\installers\windows\zip\corretto-build\buildroot\src\hotspot\share\interpreter\linkResolver.cpp, line 790]

Events (20 events):
Event: 14.882 Thread 0x000001b7ec18ce50 Thread added: 0x000001b7ec18ce50
Event: 15.170 Executing  VM operation: ICBufferFull
Event: 15.170 Executing  VM operation: ICBufferFull done
Event: 15.818 Thread 0x000001b7ec18ce50 Thread exited: 0x000001b7ec18ce50
Event: 15.829 Executing  VM operation: G1CollectForAllocation
Event: 15.841 Executing  VM operation: G1CollectForAllocation done
Event: 16.406 loading class org/w3c/dom/Node
Event: 16.407 loading class org/w3c/dom/Node done
Event: 16.407 loading class javax/xml/parsers/ParserConfigurationException
Event: 16.407 loading class javax/xml/parsers/ParserConfigurationException done
Event: 16.407 loading class org/xml/sax/SAXException
Event: 16.407 loading class org/xml/sax/SAXException done
Event: 16.408 loading class org/w3c/dom/Document
Event: 16.408 loading class org/w3c/dom/Document done
Event: 16.408 loading class org/w3c/dom/Element
Event: 16.408 loading class org/w3c/dom/Element done
Event: 16.455 loading class java/time/format/DateTimeParseException
Event: 16.456 loading class java/time/DateTimeException
Event: 16.456 loading class java/time/DateTimeException done
Event: 16.456 loading class java/time/format/DateTimeParseException done


Dynamic libraries:
0x00007ff6d9180000 - 0x00007ff6d918d000 	C:\Users\domt8\.jdks\corretto-16.0.2\bin\java.exe
0x00007ffc43950000 - 0x00007ffc43b48000 	C:\Windows\SYSTEM32\ntdll.dll
0x00007ffc42570000 - 0x00007ffc42632000 	C:\Windows\System32\KERNEL32.DLL
0x00007ffc41420000 - 0x00007ffc41716000 	C:\Windows\System32\KERNELBASE.dll
0x00007ffc41870000 - 0x00007ffc41970000 	C:\Windows\System32\ucrtbase.dll
0x00007ffc11110000 - 0x00007ffc11128000 	C:\Users\domt8\.jdks\corretto-16.0.2\bin\jli.dll
0x00007ffc41f20000 - 0x00007ffc420c1000 	C:\Windows\System32\USER32.dll
0x00007ffc41720000 - 0x00007ffc41742000 	C:\Windows\System32\win32u.dll
0x00007ffc42440000 - 0x00007ffc4246b000 	C:\Windows\System32\GDI32.dll
0x00007ffc41750000 - 0x00007ffc41869000 	C:\Windows\System32\gdi32full.dll
0x00007ffc41300000 - 0x00007ffc4139d000 	C:\Windows\System32\msvcp_win.dll
0x00007ffc0fca0000 - 0x00007ffc0fcb5000 	C:\Users\domt8\.jdks\corretto-16.0.2\bin\VCRUNTIME140.dll
0x00007ffc26aa0000 - 0x00007ffc26d3b000 	C:\Windows\WinSxS\amd64_microsoft.windows.common-controls_6595b64144ccf1df_6.0.19041.6456_none_60b8a6cb71f64256\COMCTL32.dll
0x00007ffc42e90000 - 0x00007ffc42f2e000 	C:\Windows\System32\msvcrt.dll
0x00007ffc42470000 - 0x00007ffc4249f000 	C:\Windows\System32\IMM32.DLL
0x00007ffc0e960000 - 0x00007ffc0e9fb000 	C:\Users\domt8\.jdks\corretto-16.0.2\bin\msvcp140.dll
0x00007ffbc6a30000 - 0x00007ffbc7639000 	C:\Users\domt8\.jdks\corretto-16.0.2\bin\server\jvm.dll
0x00007ffc424a0000 - 0x00007ffc42551000 	C:\Windows\System32\ADVAPI32.dll
0x00007ffc42230000 - 0x00007ffc422cf000 	C:\Windows\System32\sechost.dll
0x00007ffc434b0000 - 0x00007ffc435d0000 	C:\Windows\System32\RPCRT4.dll
0x00007ffc41140000 - 0x00007ffc41167000 	C:\Windows\System32\bcrypt.dll
0x00007ffc42e80000 - 0x00007ffc42e88000 	C:\Windows\System32\PSAPI.DLL
0x00007ffc25ad0000 - 0x00007ffc25ad9000 	C:\Windows\SYSTEM32\WSOCK32.dll
0x00007ffc42f30000 - 0x00007ffc42f9b000 	C:\Windows\System32\WS2_32.dll
0x00007ffc36fc0000 - 0x00007ffc36fe7000 	C:\Windows\SYSTEM32\WINMM.dll
0x00007ffc3b6b0000 - 0x00007ffc3b6ba000 	C:\Windows\SYSTEM32\VERSION.dll
0x00007ffc3ee70000 - 0x00007ffc3ee82000 	C:\Windows\SYSTEM32\kernel.appcore.dll
0x00007ffc1fdc0000 - 0x00007ffc1fdca000 	C:\Users\domt8\.jdks\corretto-16.0.2\bin\jimage.dll
0x00007ffc36c70000 - 0x00007ffc36e71000 	C:\Windows\SYSTEM32\DBGHELP.DLL
0x00007ffc1f940000 - 0x00007ffc1f974000 	C:\Windows\SYSTEM32\dbgcore.DLL
0x00007ffc41270000 - 0x00007ffc412f2000 	C:\Windows\System32\bcryptPrimitives.dll
0x00007ffc0fc70000 - 0x00007ffc0fc95000 	C:\Users\domt8\.jdks\corretto-16.0.2\bin\java.dll
0x00007ffc42640000 - 0x00007ffc42db0000 	C:\Windows\System32\SHELL32.dll
0x00007ffc3f070000 - 0x00007ffc3f815000 	C:\Windows\SYSTEM32\windows.storage.dll
0x00007ffc42fa0000 - 0x00007ffc432f4000 	C:\Windows\System32\combase.dll
0x00007ffc40a10000 - 0x00007ffc40a3b000 	C:\Windows\SYSTEM32\Wldp.dll
0x00007ffc42db0000 - 0x00007ffc42e7d000 	C:\Windows\System32\OLEAUT32.dll
0x00007ffc42180000 - 0x00007ffc4222d000 	C:\Windows\System32\SHCORE.dll
0x00007ffc41ec0000 - 0x00007ffc41f1b000 	C:\Windows\System32\shlwapi.dll
0x00007ffc40f10000 - 0x00007ffc40f34000 	C:\Windows\SYSTEM32\profapi.dll
0x00007ffc0f720000 - 0x00007ffc0f739000 	C:\Users\domt8\.jdks\corretto-16.0.2\bin\net.dll
0x00007ffc3be00000 - 0x00007ffc3bf0a000 	C:\Windows\SYSTEM32\WINHTTP.dll
0x00007ffc40700000 - 0x00007ffc4076a000 	C:\Windows\system32\mswsock.dll
0x00007ffc0ec60000 - 0x00007ffc0ec73000 	C:\Users\domt8\.jdks\corretto-16.0.2\bin\nio.dll
0x00007ffc0e940000 - 0x00007ffc0e958000 	C:\Users\domt8\.jdks\corretto-16.0.2\bin\zip.dll
0x00007ffc11430000 - 0x00007ffc11454000 	C:\Program Files\JetBrains\IntelliJ IDEA Community Edition 2025.2.1\plugins\maven\lib\maven3\lib\jansi-native\Windows\x86_64\jansi.dll
0x00007ffc16390000 - 0x00007ffc163a0000 	C:\Users\domt8\.jdks\corretto-16.0.2\bin\verify.dll
0x00007ffc122c0000 - 0x00007ffc122ce000 	C:\Users\domt8\.jdks\corretto-16.0.2\bin\sunmscapi.dll
0x00007ffc40fe0000 - 0x00007ffc4113d000 	C:\Windows\System32\CRYPT32.dll
0x00007ffc40a80000 - 0x00007ffc40aa7000 	C:\Windows\SYSTEM32\ncrypt.dll
0x00007ffc40a40000 - 0x00007ffc40a7b000 	C:\Windows\SYSTEM32\NTASN1.dll
0x00007ffc40960000 - 0x00007ffc40978000 	C:\Windows\SYSTEM32\CRYPTSP.dll
0x00007ffc3ffb0000 - 0x00007ffc3ffe8000 	C:\Windows\system32\rsaenh.dll
0x00007ffc40e90000 - 0x00007ffc40ebe000 	C:\Windows\SYSTEM32\USERENV.dll
0x00007ffc40980000 - 0x00007ffc4098c000 	C:\Windows\SYSTEM32\CRYPTBASE.dll
0x00007ffc403e0000 - 0x00007ffc4041b000 	C:\Windows\SYSTEM32\IPHLPAPI.DLL
0x00007ffc42560000 - 0x00007ffc42568000 	C:\Windows\System32\NSI.dll
0x00007ffc3b8a0000 - 0x00007ffc3b8b7000 	C:\Windows\SYSTEM32\dhcpcsvc6.DLL
0x00007ffc3b880000 - 0x00007ffc3b89d000 	C:\Windows\SYSTEM32\dhcpcsvc.DLL
0x00007ffc40430000 - 0x00007ffc404fa000 	C:\Windows\SYSTEM32\DNSAPI.dll
0x00007ffc31370000 - 0x00007ffc3137a000 	C:\Windows\System32\rasadhlp.dll
0x00007ffc311a0000 - 0x00007ffc31220000 	C:\Windows\System32\fwpuclnt.dll

dbghelp: loaded successfully - version: 4.0.5 - missing functions: none
symbol engine: initialized successfully - sym options: 0x614 - pdb path: .;C:\Users\domt8\.jdks\corretto-16.0.2\bin;C:\Windows\SYSTEM32;C:\Windows\WinSxS\amd64_microsoft.windows.common-controls_6595b64144ccf1df_6.0.19041.6456_none_60b8a6cb71f64256;C:\Users\domt8\.jdks\corretto-16.0.2\bin\server;C:\Program Files\JetBrains\IntelliJ IDEA Community Edition 2025.2.1\plugins\maven\lib\maven3\lib\jansi-native\Windows\x86_64

VM Arguments:
jvm_args: -Dclassworlds.conf=C:\Program Files\JetBrains\IntelliJ IDEA Community Edition 2025.2.1\plugins\maven\lib\maven3\bin\m2.conf -Dmaven.home=C:\Program Files\JetBrains\IntelliJ IDEA Community Edition 2025.2.1\plugins\maven\lib\maven3 -Dlibrary.jansi.path=C:\Program Files\JetBrains\IntelliJ IDEA Community Edition 2025.2.1\plugins\maven\lib\maven3\lib\jansi-native -Dmaven.multiModuleProjectDirectory=C:\Users\domt8\IdeaProjects\LmvAC 
java_command: org.codehaus.plexus.classworlds.launcher.Launcher -Didea.version=2025.2.1 -Dmaven.ext.class.path=C:\Program Files\JetBrains\IntelliJ IDEA Community Edition 2025.2.1\plugins\maven\lib\maven-event-listener.jar -Djansi.passthrough=true -Dstyle.color=always -Dmaven.repo.local=C:\Users\domt8\.m2\repository clean package
java_class_path (initial): C:\Program Files\JetBrains\IntelliJ IDEA Community Edition 2025.2.1\plugins\maven\lib\maven3\boot\plexus-classworlds-2.8.0.jar
Launcher Type: SUN_STANDARD

[Global flags]
     intx CICompilerCount                          = 3                                         {product} {ergonomic}
     uint ConcGCThreads                            = 1                                         {product} {ergonomic}
     uint G1ConcRefinementThreads                  = 4                                         {product} {ergonomic}
   size_t G1HeapRegionSize                         = 2097152                                   {product} {ergonomic}
    uintx GCDrainStackTargetSize                   = 64                                        {product} {ergonomic}
   size_t InitialHeapSize                          = 268435456                                 {product} {ergonomic}
   size_t MarkStackSize                            = 4194304                                   {product} {ergonomic}
   size_t MaxHeapSize                              = 4286578688                                {product} {ergonomic}
   size_t MaxNewSize                               = 2571108352                                {product} {ergonomic}
   size_t MinHeapDeltaBytes                        = 2097152                                   {product} {ergonomic}
   size_t MinHeapSize                              = 8388608                                   {product} {ergonomic}
    uintx NonNMethodCodeHeapSize                   = 5832780                                {pd product} {ergonomic}
    uintx NonProfiledCodeHeapSize                  = 122912730                              {pd product} {ergonomic}
    uintx ProfiledCodeHeapSize                     = 122912730                              {pd product} {ergonomic}
    uintx ReservedCodeCacheSize                    = 251658240                              {pd product} {ergonomic}
     bool SegmentedCodeCache                       = true                                      {product} {ergonomic}
   size_t SoftMaxHeapSize                          = 4286578688                             {manageable} {ergonomic}
     bool UseCompressedClassPointers               = true                           {product lp64_product} {ergonomic}
     bool UseCompressedOops                        = true                           {product lp64_product} {ergonomic}
     bool UseG1GC                                  = true                                      {product} {ergonomic}
     bool UseLargePagesIndividualAllocation        = false                                  {pd product} {ergonomic}

Logging:
Log output configuration:
 #0: stdout all=warning uptime,level,tags
 #1: stderr all=off uptime,level,tags

Environment Variables:
JAVA_HOME=C:\Users\domt8\.jdks\corretto-16.0.2
PATH=C:\Program Files (x86)\Common Files\Oracle\Java\java8path;C:\Program Files (x86)\Common Files\Oracle\Java\javapath;C:\Windows\system32;C:\Windows;C:\Windows\System32\Wbem;C:\Windows\System32\WindowsPowerShell\v1.0\;C:\Windows\System32\OpenSSH\;C:\Program Files\NVIDIA Corporation\NVIDIA App\NvDLISR;C:\Program Files (x86)\NVIDIA Corporation\PhysX\Common;C:\Program Files\Git\cmd;C:\Program Files\dotnet\;C:\Users\domt8\AppData\Local\Microsoft\WindowsApps;C:\Users\domt8\AppData\Local\GitHubDesktop\bin;C:\Users\domt8\.dotnet\tools
USERNAME=domt8
OS=Windows_NT
PROCESSOR_IDENTIFIER=Intel64 Family 6 Model 58 Stepping 9, GenuineIntel



---------------  S Y S T E M  ---------------

OS:
 Windows 10 , 64 bit Build 19041 (10.0.19041.5915)
OS uptime: 0 days 0:52 hours

CPU: total 4 (initial active 4) (4 cores per cpu, 1 threads per core) family 6 model 58 stepping 9 microcode 0x21, cx8, cmov, fxsr, mmx, sse, sse2, sse3, ssse3, sse4.1, sse4.2, popcnt, tsc, tscinvbit, avx, aes, erms, clmul, vzeroupper, clflush

Memory: 4k page, system-wide physical 16344M (1679M free)
TotalPageFile size 22344M (AvailPageFile size 6M)
current process WorkingSet (physical memory assigned to process): 148M, peak: 181M
current process commit charge ("private bytes"): 189M, peak: 398M

vm_info: OpenJDK 64-Bit Server VM (16.0.2+7) for windows-amd64 JRE (16.0.2+7), built on Jul 22 2021 01:11:46 by "Administrator" with MS VC++ 15.9 (VS2017)

END.
